Generator running for Project ID: 9f896f3c-3134-43c2-8cea-8b9c64f6c01e, Path: index.html
Generator running for Project ID: 9f896f3c-3134-43c2-8cea-8b9c64f6c01e, Path: about.html
Generator running for Project ID: 9f896f3c-3134-43c2-8cea-8b9c64f6c01e, Path: contact.html
Generator running for Project ID: 9f896f3c-3134-43c2-8cea-8b9c64f6c01e, Path: privacy.html
Generator running for Project ID: 9f896f3c-3134-43c2-8cea-8b9c64f6c01e, Path: terms.html
Generator running for Project ID: 9f896f3c-3134-43c2-8cea-8b9c64f6c01e, Path: services.html
Generator running for Project ID: 9f896f3c-3134-43c2-8cea-8b9c64f6c01e, Path: faq.html
Generator running for Project ID: 9f896f3c-3134-43c2-8cea-8b9c64f6c01e, Path: 404.html
Generator running for Project ID: 9f896f3c-3134-43c2-8cea-8b9c64f6c01e, Path: style.css
Generator running for Project ID: 9f896f3c-3134-43c2-8cea-8b9c64f6c01e, Path: script.js
Generator running for Project ID: 61ffd78d-808d-49df-b5de-3fd529ceb606, Path: index.html
Generator running for Project ID: 61ffd78d-808d-49df-b5de-3fd529ceb606, Path: style.css
Generator running for Project ID: 61ffd78d-808d-49df-b5de-3fd529ceb606, Path: script.js
Generator running for Project ID: 61ffd78d-808d-49df-b5de-3fd529ceb606, Path: about.html
Generator running for Project ID: 61ffd78d-808d-49df-b5de-3fd529ceb606, Path: contact.html
Generator running for Project ID: 61ffd78d-808d-49df-b5de-3fd529ceb606, Path: privacy.html
Generator running for Project ID: 61ffd78d-808d-49df-b5de-3fd529ceb606, Path: terms.html
Generator running for Project ID: 61ffd78d-808d-49df-b5de-3fd529ceb606, Path: faq.html
Generator running for Project ID: 61ffd78d-808d-49df-b5de-3fd529ceb606, Path: 404.html
Generator running for Project ID: faa5deee-346b-49b7-b36d-12d8684e6a66, Path: index.html
Generator running for Project ID: faa5deee-346b-49b7-b36d-12d8684e6a66, Path: about.html
Generator running for Project ID: faa5deee-346b-49b7-b36d-12d8684e6a66, Path: contact.html
Generator running for Project ID: faa5deee-346b-49b7-b36d-12d8684e6a66, Path: privacy.html
Generator running for Project ID: faa5deee-346b-49b7-b36d-12d8684e6a66, Path: terms.html
Generator running for Project ID: faa5deee-346b-49b7-b36d-12d8684e6a66, Path: pricing.html
Generator running for Project ID: faa5deee-346b-49b7-b36d-12d8684e6a66, Path: faq.html
Generator running for Project ID: faa5deee-346b-49b7-b36d-12d8684e6a66, Path: 404.html
Generator running for Project ID: faa5deee-346b-49b7-b36d-12d8684e6a66, Path: style.css
Generator running for Project ID: faa5deee-346b-49b7-b36d-12d8684e6a66, Path: script.js
Generator running for Project ID: 8e3bf6fe-fd9f-494f-83ae-0bdc7a38eb92, Path: index.html
Generator running for Project ID: 8e3bf6fe-fd9f-494f-83ae-0bdc7a38eb92, Path: style.css
Generator running for Project ID: 8e3bf6fe-fd9f-494f-83ae-0bdc7a38eb92, Path: script.js
Generator running for Project ID: 8e3bf6fe-fd9f-494f-83ae-0bdc7a38eb92, Path: 404.html
Generator running for Project ID: 51ea5bf5-5362-4b45-b4b8-936ce5030181, Path: index.html
Generator running for Project ID: 51ea5bf5-5362-4b45-b4b8-936ce5030181, Path: about.html
Generator running for Project ID: 51ea5bf5-5362-4b45-b4b8-936ce5030181, Path: contact.html
Generator running for Project ID: 51ea5bf5-5362-4b45-b4b8-936ce5030181, Path: privacy.html
Generator running for Project ID: 51ea5bf5-5362-4b45-b4b8-936ce5030181, Path: terms.html
Generator running for Project ID: 51ea5bf5-5362-4b45-b4b8-936ce5030181, Path: services.html
Generator running for Project ID: 51ea5bf5-5362-4b45-b4b8-936ce5030181, Path: faq.html
Generator running for Project ID: 51ea5bf5-5362-4b45-b4b8-936ce5030181, Path: 404.html
Generator running for Project ID: 51ea5bf5-5362-4b45-b4b8-936ce5030181, Path: style.css
Generator running for Project ID: 51ea5bf5-5362-4b45-b4b8-936ce5030181, Path: script.js
Generator running for Project ID: c24a9202-e855-4b81-9083-98ce572c5b6a, Path: index.html
Generator running for Project ID: c24a9202-e855-4b81-9083-98ce572c5b6a, Path: about.html
Generator running for Project ID: c24a9202-e855-4b81-9083-98ce572c5b6a, Path: contact.html
Generator running for Project ID: c24a9202-e855-4b81-9083-98ce572c5b6a, Path: privacy.html
Generator running for Project ID: c24a9202-e855-4b81-9083-98ce572c5b6a, Path: terms.html
Generator running for Project ID: c24a9202-e855-4b81-9083-98ce572c5b6a, Path: faq.html
Generator running for Project ID: c24a9202-e855-4b81-9083-98ce572c5b6a, Path: 404.html
Generator running for Project ID: c24a9202-e855-4b81-9083-98ce572c5b6a, Path: style.css
Generator running for Project ID: c24a9202-e855-4b81-9083-98ce572c5b6a, Path: script.js
Generator running for Project ID: a32c047c-799c-40b3-a589-af4cf01df94d, Path: index.html
Generator running for Project ID: a32c047c-799c-40b3-a589-af4cf01df94d, Path: about.html
Generator running for Project ID: a32c047c-799c-40b3-a589-af4cf01df94d, Path: contact.html
Generator running for Project ID: a32c047c-799c-40b3-a589-af4cf01df94d, Path: privacy.html
Generator running for Project ID: a32c047c-799c-40b3-a589-af4cf01df94d, Path: terms.html
Generator running for Project ID: a32c047c-799c-40b3-a589-af4cf01df94d, Path: faq.html
Generator running for Project ID: a32c047c-799c-40b3-a589-af4cf01df94d, Path: 404.html
Generator running for Project ID: a32c047c-799c-40b3-a589-af4cf01df94d, Path: style.css
Generator running for Project ID: a32c047c-799c-40b3-a589-af4cf01df94d, Path: script.js
Generator running for Project ID: d370ce2d-c97a-497d-b1f4-881743ba55a2, Path: index.html
Generator running for Project ID: d370ce2d-c97a-497d-b1f4-881743ba55a2, Path: about.html
Generator running for Project ID: d370ce2d-c97a-497d-b1f4-881743ba55a2, Path: contact.html
Generator running for Project ID: d370ce2d-c97a-497d-b1f4-881743ba55a2, Path: privacy.html
Generator running for Project ID: d370ce2d-c97a-497d-b1f4-881743ba55a2, Path: terms.html
Generator running for Project ID: d370ce2d-c97a-497d-b1f4-881743ba55a2, Path: services.html
Generator running for Project ID: d370ce2d-c97a-497d-b1f4-881743ba55a2, Path: faq.html
Generator running for Project ID: d370ce2d-c97a-497d-b1f4-881743ba55a2, Path: 404.html
Generator running for Project ID: d370ce2d-c97a-497d-b1f4-881743ba55a2, Path: style.css
Generator running for Project ID: d370ce2d-c97a-497d-b1f4-881743ba55a2, Path: script.js
Generator running for Project ID: 1fe8c76b-284c-4cfe-91ae-ce2f3daac864, Path: TROUBLESHOOTING.md
Generator running for Project ID: f132adfd-e5df-4c9f-9df2-66811851cd33, Path: index.html
Generator running for Project ID: f132adfd-e5df-4c9f-9df2-66811851cd33, Path: style.css
Generator running for Project ID: f132adfd-e5df-4c9f-9df2-66811851cd33, Path: script.js
Generator running for Project ID: f132adfd-e5df-4c9f-9df2-66811851cd33, Path: about.html
Generator running for Project ID: f132adfd-e5df-4c9f-9df2-66811851cd33, Path: contact.html
Generator running for Project ID: 282d6288-9fac-4e4f-a02a-022bbcae8c2a, Path: index.html
Generator running for Project ID: 282d6288-9fac-4e4f-a02a-022bbcae8c2a, Path: about.html
Generator running for Project ID: 282d6288-9fac-4e4f-a02a-022bbcae8c2a, Path: contact.html
Generator running for Project ID: 282d6288-9fac-4e4f-a02a-022bbcae8c2a, Path: privacy.html
Generator running for Project ID: 282d6288-9fac-4e4f-a02a-022bbcae8c2a, Path: terms.html
Generator running for Project ID: 282d6288-9fac-4e4f-a02a-022bbcae8c2a, Path: services.html
Generator running for Project ID: 282d6288-9fac-4e4f-a02a-022bbcae8c2a, Path: faq.html
Generator running for Project ID: 282d6288-9fac-4e4f-a02a-022bbcae8c2a, Path: 404.html
Generator running for Project ID: 282d6288-9fac-4e4f-a02a-022bbcae8c2a, Path: style.css
Generator running for Project ID: 282d6288-9fac-4e4f-a02a-022bbcae8c2a, Path: script.js
Generator running for Project ID: 2430d722-a376-42c8-8a2b-5e43e285ac9b, Path: index.html
Generator running for Project ID: 2430d722-a376-42c8-8a2b-5e43e285ac9b, Path: about.html
Generator running for Project ID: 2430d722-a376-42c8-8a2b-5e43e285ac9b, Path: menu.html
Generator running for Project ID: 2430d722-a376-42c8-8a2b-5e43e285ac9b, Path: locations.html
Generator running for Project ID: 2430d722-a376-42c8-8a2b-5e43e285ac9b, Path: contact.html
Generator running for Project ID: 2430d722-a376-42c8-8a2b-5e43e285ac9b, Path: privacy.html
Generator running for Project ID: 2430d722-a376-42c8-8a2b-5e43e285ac9b, Path: terms.html
Generator running for Project ID: 2430d722-a376-42c8-8a2b-5e43e285ac9b, Path: faq.html
Generator running for Project ID: 2430d722-a376-42c8-8a2b-5e43e285ac9b, Path: 404.html
Generator running for Project ID: 2430d722-a376-42c8-8a2b-5e43e285ac9b, Path: style.css
Generator running for Project ID: 2430d722-a376-42c8-8a2b-5e43e285ac9b, Path: script.js
Generator running for Project ID: test-workflow-id, Path: index.html
Generator running for Project ID: test-workflow-id, Path: about.html
Generator running for Project ID: test-workflow-id, Path: contact.html
Generator running for Project ID: test-workflow-id, Path: privacy.html
Generator running for Project ID: test-workflow-id, Path: terms.html
Generator running for Project ID: test-workflow-id, Path: pricing.html
Generator running for Project ID: test-workflow-id, Path: faq.html
Generator running for Project ID: test-workflow-id, Path: 404.html
Generator running for Project ID: test-workflow-id, Path: style.css
Generator running for Project ID: test-workflow-id, Path: script.js
Generator running for Project ID: test-workflow-id, Path: index.html
Generator running for Project ID: test-workflow-id, Path: about.html
Generator running for Project ID: test-workflow-id, Path: contact.html
Generator running for Project ID: test-workflow-id, Path: privacy.html
Generator running for Project ID: test-workflow-id, Path: terms.html
Generator running for Project ID: test-workflow-id, Path: services.html
Generator running for Project ID: test-workflow-id, Path: faq.html
Generator running for Project ID: test-workflow-id, Path: 404.html
Generator running for Project ID: test-workflow-id, Path: index.html
Generator running for Project ID: test-workflow-id, Path: style.css
Generator running for Project ID: test-workflow-id, Path: script.js
Generator running for Project ID: test-workflow-id, Path: about.html
Generator running for Project ID: test-workflow-id, Path: contact.html
Generator running for Project ID: test-workflow-id, Path: privacy.html
Generator running for Project ID: test-workflow-id, Path: terms.html
Generator running for Project ID: test-workflow-id, Path: pricing.html
Generator running for Project ID: test-workflow-id, Path: faq.html
Generator running for Project ID: test-workflow-id, Path: 404.html
Generator running for Project ID: test-workflow-id, Path: style.css
Generator running for Project ID: test-workflow-id, Path: script.js
